Watching for file changes with StatReloader
Watching for file changes with StatReloader
Watching for file changes with StatReloader
Watching for file changes with StatReloader
Not Found: /shpargalki/home/
[16/Mar/2021 15:30:17] "GET /shpargalki/home/ HTTP/1.0" 404 2848
/usr/share/nginx/django/shpargalki-new/back/myproject/myproject/settings.py changed, reloading.
Performing system checks...

System check identified no issues (0 silenced).
March 16, 2021 - 15:30:16
Django version 3.1.7, using settings 'myproject.settings'
Starting development server at http://127.0.0.1:1123/
Quit the server with CONTROL-C.
Watching for file changes with StatReloader
/usr/share/nginx/django/shpargalki-new/back/myproject/myproject/urls.py changed, reloading.
Performing system checks...

System check identified no issues (0 silenced).
March 16, 2021 - 15:31:38
Django version 3.1.7, using settings 'myproject.settings'
Starting development server at http://127.0.0.1:1123/
Quit the server with CONTROL-C.
Watching for file changes with StatReloader
[16/Mar/2021 15:34:05] "GET /shpargalki/home/ HTTP/1.0" 200 29898
[16/Mar/2021 15:34:56] "GET /shpargalki/ HTTP/1.0" 302 0
[16/Mar/2021 15:39:57] "GET /shpargalki/home/ HTTP/1.0" 200 29898
Not Found: /shpargalki/__info__/icon.png
[16/Mar/2021 15:43:44] "GET /shpargalki/__info__/icon.png HTTP/1.0" 404 2938
Not Found: /shpargalki/home/sales
[16/Mar/2021 15:45:46] "GET /shpargalki/home/sales HTTP/1.0" 404 2917
Not Found: /shpargalki/home/sales
[16/Mar/2021 15:45:46] "GET /shpargalki/home/sales HTTP/1.0" 404 2917
[16/Mar/2021 15:45:52] "GET /shpargalki/home/ HTTP/1.0" 200 29898
[16/Mar/2021 15:45:55] "GET /shpargalki/home/ HTTP/1.0" 200 29898
/usr/share/nginx/django/shpargalki-new/back/myproject/myproject/urls.py changed, reloading.
Performing system checks...

System check identified no issues (0 silenced).
March 16, 2021 - 15:34:03
Django version 3.1.7, using settings 'myproject.settings'
Starting development server at http://127.0.0.1:1123/
Quit the server with CONTROL-C.
Watching for file changes with StatReloader
/usr/share/nginx/django/shpargalki-new/back/myproject/myproject/settings.py changed, reloading.
Performing system checks...

System check identified no issues (0 silenced).
March 16, 2021 - 15:47:25
Django version 3.1.7, using settings 'myproject.settings'
Starting development server at http://127.0.0.1:1123/
Quit the server with CONTROL-C.
Watching for file changes with StatReloader
/usr/share/nginx/django/shpargalki-new/back/myproject/myproject/settings.py changed, reloading.
Performing system checks...

System check identified no issues (0 silenced).
March 16, 2021 - 15:48:01
Django version 3.1.7, using settings 'myproject.settings'
Starting development server at http://127.0.0.1:1123/
Quit the server with CONTROL-C.
Watching for file changes with StatReloader
Not Found: /shpargalki/home/sales
[16/Mar/2021 15:48:03] "GET /shpargalki/home/sales HTTP/1.0" 404 1804
[16/Mar/2021 15:48:08] "GET /shpargalki/home/ HTTP/1.0" 200 29935
Not Found: /shpargalki/media/image/logo-pc.jpg
[16/Mar/2021 15:48:09] "GET /shpargalki/media/image/logo-pc.jpg HTTP/1.0" 404 1843
[16/Mar/2021 15:48:09] "GET /shpargalki/static/home/css.css HTTP/1.0" 200 14465
Not Found: /shpargalki/media/image/shadow_heart.svg
[16/Mar/2021 15:48:09] "GET /shpargalki/media/image/shadow_heart.svg HTTP/1.0" 404 1858
Not Found: /shpargalki/media/image/shadow_light-bulb.svg
[16/Mar/2021 15:48:09] "GET /shpargalki/media/image/shadow_light-bulb.svg HTTP/1.0" 404 1873
Not Found: /shpargalki/media/image/shadow_users.svg
[16/Mar/2021 15:48:09] "GET /shpargalki/media/image/shadow_users.svg HTTP/1.0" 404 1858
Not Found: /shpargalki/media/image/shadow_clock.svg
[16/Mar/2021 15:48:09] "GET /shpargalki/media/image/shadow_clock.svg HTTP/1.0" 404 1858
Not Found: /shpargalki/media/image/shadow_earth-globe.svg
[16/Mar/2021 15:48:09] "GET /shpargalki/media/image/shadow_earth-globe.svg HTTP/1.0" 404 1876
Not Found: /shpargalki/media/image/shadow_shopping-bag.svg
[16/Mar/2021 15:48:09] "GET /shpargalki/media/image/shadow_shopping-bag.svg HTTP/1.0" 404 1879
[16/Mar/2021 15:48:09] "GET /shpargalki/static/home/index.js HTTP/1.0" 200 106466
[16/Mar/2021 15:48:09] "GET /shpargalki/static/Attach/Fonts/Arsenal-Italic.ttf HTTP/1.0" 200 168252
[16/Mar/2021 15:48:09] "GET /shpargalki/static/Attach/Fonts/Raleway-Regular.ttf HTTP/1.0" 200 163388
[16/Mar/2021 15:48:09] "GET /shpargalki/static/Attach/Fonts/Arsenal-Bold.ttf HTTP/1.0" 200 170184
Not Found: /shpargalki/media/image/contacts_facebook.png
Not Found: /shpargalki/media/image/shadow_message.svg
[16/Mar/2021 15:48:09] "GET /shpargalki/media/image/shadow_message.svg HTTP/1.0" 404 1864
[16/Mar/2021 15:48:09] "GET /shpargalki/media/image/contacts_facebook.png HTTP/1.0" 404 1873
Not Found: /shpargalki/media/image/contacts_instagram.png
[16/Mar/2021 15:48:09] "GET /shpargalki/media/image/contacts_instagram.png HTTP/1.0" 404 1876
Not Found: /shpargalki/media/image/contacts_skype.png
Not Found: /shpargalki/media/image/contacts_phone-call.svg
[16/Mar/2021 15:48:09] "GET /shpargalki/media/image/contacts_skype.png HTTP/1.0" 404 1864
[16/Mar/2021 15:48:09] "GET /shpargalki/media/image/contacts_phone-call.svg HTTP/1.0" 404 1879
Not Found: /shpargalki/media/image/contacts_email.svg
[16/Mar/2021 15:48:09] "GET /shpargalki/media/image/contacts_email.svg HTTP/1.0" 404 1864
Not Found: /shpargalki/media/image/photo_3T5A0480-1.jpg
[16/Mar/2021 15:48:09] "GET /shpargalki/media/image/photo_3T5A0480-1.jpg HTTP/1.0" 404 1870
Not Found: /shpargalki/media/image/photo_3T5A9848-2.jpg
[16/Mar/2021 15:48:09] "GET /shpargalki/media/image/photo_3T5A9848-2.jpg HTTP/1.0" 404 1870
Not Found: /shpargalki/media/image/photo_3T5A0328.jpg
[16/Mar/2021 15:48:09] "GET /shpargalki/media/image/photo_3T5A0328.jpg HTTP/1.0" 404 1864
Not Found: /shpargalki/media/image/photo_3T5A0395.jpg
Not Found: /shpargalki/media/image/photo_3T5A0149.jpg
[16/Mar/2021 15:48:09] "GET /shpargalki/media/image/photo_3T5A0395.jpg HTTP/1.0" 404 1864
[16/Mar/2021 15:48:09] "GET /shpargalki/media/image/photo_3T5A0149.jpg HTTP/1.0" 404 1864
Not Found: /shpargalki/media/image/photo_3T5A0160-1.jpg
[16/Mar/2021 15:48:09] "GET /shpargalki/media/image/photo_3T5A0160-1.jpg HTTP/1.0" 404 1870
Not Found: /shpargalki/media/image/photo_3T5A0219.jpg
[16/Mar/2021 15:48:09] "GET /shpargalki/media/image/photo_3T5A0219.jpg HTTP/1.0" 404 1864
Watching for file changes with StatReloader
[16/Mar/2021 15:48:35] "GET /shpargalki/home/ HTTP/1.0" 200 29935
Not Found: /shpargalki/media/image/logo-pc.jpg
[16/Mar/2021 15:48:36] "GET /shpargalki/media/image/logo-pc.jpg HTTP/1.0" 404 1843
Not Found: /shpargalki/media/image/shadow_heart.svg
[16/Mar/2021 15:48:36] "GET /shpargalki/media/image/shadow_heart.svg HTTP/1.0" 404 1858
Not Found: /shpargalki/media/image/shadow_light-bulb.svg
[16/Mar/2021 15:48:36] "GET /shpargalki/media/image/shadow_light-bulb.svg HTTP/1.0" 404 1873
Not Found: /shpargalki/media/image/shadow_users.svg
Not Found: /shpargalki/media/image/shadow_clock.svg
[16/Mar/2021 15:48:36] "GET /shpargalki/media/image/shadow_clock.svg HTTP/1.0" 404 1858
Not Found: /shpargalki/media/image/shadow_earth-globe.svg
[16/Mar/2021 15:48:36] "GET /shpargalki/media/image/shadow_users.svg HTTP/1.0" 404 1858
[16/Mar/2021 15:48:36] "GET /shpargalki/media/image/shadow_earth-globe.svg HTTP/1.0" 404 1876
Not Found: /shpargalki/media/image/photo_3T5A9848-2.jpg
[16/Mar/2021 15:48:36] "GET /shpargalki/media/image/photo_3T5A9848-2.jpg HTTP/1.0" 404 1870
Not Found: /shpargalki/media/image/shadow_shopping-bag.svg
[16/Mar/2021 15:48:36] "GET /shpargalki/media/image/shadow_shopping-bag.svg HTTP/1.0" 404 1879
Not Found: /shpargalki/media/image/contacts_facebook.png
Not Found: /shpargalki/media/image/shadow_message.svg
[16/Mar/2021 15:48:36] "GET /shpargalki/media/image/contacts_facebook.png HTTP/1.0" 404 1873
[16/Mar/2021 15:48:36] "GET /shpargalki/media/image/shadow_message.svg HTTP/1.0" 404 1864
Not Found: /shpargalki/media/image/contacts_skype.png
Not Found: /shpargalki/media/image/contacts_instagram.png
Not Found: /shpargalki/media/image/contacts_email.svg
Not Found: /shpargalki/media/image/photo_3T5A0480-1.jpg
Not Found: /shpargalki/media/image/contacts_phone-call.svg
[16/Mar/2021 15:48:36] "GET /shpargalki/media/image/contacts_phone-call.svg HTTP/1.0" 404 1879
[16/Mar/2021 15:48:36] "GET /shpargalki/media/image/photo_3T5A0480-1.jpg HTTP/1.0" 404 1870
[16/Mar/2021 15:48:36] "GET /shpargalki/media/image/contacts_instagram.png HTTP/1.0" 404 1876
[16/Mar/2021 15:48:36] "GET /shpargalki/media/image/contacts_email.svg HTTP/1.0" 404 1864
[16/Mar/2021 15:48:36] "GET /shpargalki/media/image/contacts_skype.png HTTP/1.0" 404 1864
Not Found: /shpargalki/media/image/photo_3T5A0328.jpg
[16/Mar/2021 15:48:36] "GET /shpargalki/media/image/photo_3T5A0328.jpg HTTP/1.0" 404 1864
Not Found: /shpargalki/media/image/photo_3T5A0149.jpg
Not Found: /shpargalki/media/image/photo_3T5A0395.jpg
Not Found: /shpargalki/media/image/photo_3T5A0219.jpg
[16/Mar/2021 15:48:36] "GET /shpargalki/media/image/photo_3T5A0395.jpg HTTP/1.0" 404 1864
[16/Mar/2021 15:48:36] "GET /shpargalki/media/image/photo_3T5A0219.jpg HTTP/1.0" 404 1864
[16/Mar/2021 15:48:36] "GET /shpargalki/media/image/photo_3T5A0149.jpg HTTP/1.0" 404 1864
Not Found: /shpargalki/media/image/photo_3T5A0160-1.jpg
[16/Mar/2021 15:48:36] "GET /shpargalki/media/image/photo_3T5A0160-1.jpg HTTP/1.0" 404 1870
Not Found: /shpargalki/media/image/logo-pc.jpg
[16/Mar/2021 15:56:32] "GET /shpargalki/media/image/logo-pc.jpg HTTP/1.0" 404 1843
Not Found: /shpargalki/media/image/photo_3T5A0219.jpg
[16/Mar/2021 16:01:48] "GET /shpargalki/media/image/photo_3T5A0219.jpg HTTP/1.0" 404 1864
Watching for file changes with StatReloader
[16/Mar/2021 16:04:02] "GET /shpargalki/home/ HTTP/1.0" 200 29935
[16/Mar/2021 16:04:02] "GET /shpargalki/static/home/css.css HTTP/1.0" 200 14465
Not Found: /shpargalki/media/image/logo-pc.jpg
[16/Mar/2021 16:04:02] "GET /shpargalki/media/image/logo-pc.jpg HTTP/1.0" 404 1839
Not Found: /shpargalki/media/image/shadow_heart.svg
[16/Mar/2021 16:04:03] "GET /shpargalki/media/image/shadow_heart.svg HTTP/1.0" 404 1854
Not Found: /shpargalki/media/image/shadow_light-bulb.svg
[16/Mar/2021 16:04:03] "GET /shpargalki/media/image/shadow_light-bulb.svg HTTP/1.0" 404 1869
Not Found: /shpargalki/media/image/shadow_users.svg
Not Found: /shpargalki/media/image/shadow_clock.svg
[16/Mar/2021 16:04:03] "GET /shpargalki/media/image/shadow_users.svg HTTP/1.0" 404 1854
[16/Mar/2021 16:04:03] "GET /shpargalki/media/image/shadow_clock.svg HTTP/1.0" 404 1854
Not Found: /shpargalki/media/image/shadow_earth-globe.svg
[16/Mar/2021 16:04:03] "GET /shpargalki/media/image/shadow_earth-globe.svg HTTP/1.0" 404 1872
Not Found: /shpargalki/media/image/shadow_shopping-bag.svg
Not Found: /shpargalki/media/image/shadow_message.svg
[16/Mar/2021 16:04:03] "GET /shpargalki/media/image/shadow_shopping-bag.svg HTTP/1.0" 404 1875
[16/Mar/2021 16:04:03] "GET /shpargalki/media/image/shadow_message.svg HTTP/1.0" 404 1860
Not Found: /shpargalki/media/image/contacts_facebook.png
[16/Mar/2021 16:04:03] "GET /shpargalki/media/image/contacts_facebook.png HTTP/1.0" 404 1869
[16/Mar/2021 16:04:03] "GET /shpargalki/static/Attach/Fonts/Arsenal-Italic.ttf HTTP/1.0" 200 168252
[16/Mar/2021 16:04:03] "GET /shpargalki/static/home/index.js HTTP/1.0" 200 106466
[16/Mar/2021 16:04:03] "GET /shpargalki/static/Attach/Fonts/Raleway-Regular.ttf HTTP/1.0" 200 163388
[16/Mar/2021 16:04:03] "GET /shpargalki/static/Attach/Fonts/Arsenal-Bold.ttf HTTP/1.0" 200 170184
Not Found: /shpargalki/media/image/photo_3T5A0160-1.jpg
[16/Mar/2021 16:04:03] "GET /shpargalki/media/image/photo_3T5A0160-1.jpg HTTP/1.0" 404 1866
Not Found: /shpargalki/media/image/photo_3T5A0219.jpg
[16/Mar/2021 16:04:03] "GET /shpargalki/media/image/photo_3T5A0219.jpg HTTP/1.0" 404 1860
Not Found: /shpargalki/media/image/contacts_skype.png
Not Found: /shpargalki/media/image/contacts_instagram.png
Not Found: /shpargalki/media/image/contacts_phone-call.svg
[16/Mar/2021 16:04:03] "GET /shpargalki/media/image/contacts_skype.png HTTP/1.0" 404 1860
[16/Mar/2021 16:04:03] "GET /shpargalki/media/image/contacts_instagram.png HTTP/1.0" 404 1872
Not Found: /shpargalki/media/image/photo_3T5A9848-2.jpg
[16/Mar/2021 16:04:03] "GET /shpargalki/media/image/contacts_phone-call.svg HTTP/1.0" 404 1875
[16/Mar/2021 16:04:03] "GET /shpargalki/media/image/photo_3T5A9848-2.jpg HTTP/1.0" 404 1866
Not Found: /shpargalki/media/image/contacts_email.svg
Not Found: /shpargalki/media/image/photo_3T5A0480-1.jpg
[16/Mar/2021 16:04:03] "GET /shpargalki/media/image/photo_3T5A0480-1.jpg HTTP/1.0" 404 1866
[16/Mar/2021 16:04:03] "GET /shpargalki/media/image/contacts_email.svg HTTP/1.0" 404 1860
Not Found: /shpargalki/media/image/photo_3T5A0328.jpg
[16/Mar/2021 16:04:03] "GET /shpargalki/media/image/photo_3T5A0328.jpg HTTP/1.0" 404 1860
Not Found: /shpargalki/media/image/photo_3T5A0149.jpg
[16/Mar/2021 16:04:03] "GET /shpargalki/media/image/photo_3T5A0149.jpg HTTP/1.0" 404 1860
Not Found: /shpargalki/media/image/photo_3T5A0395.jpg
[16/Mar/2021 16:04:03] "GET /shpargalki/media/image/photo_3T5A0395.jpg HTTP/1.0" 404 1860
Not Found: /shpargalki/media/image/logo-pc.jpg
[16/Mar/2021 16:04:15] "GET /shpargalki/media/image/logo-pc.jpg HTTP/1.0" 404 1839
Not Found: /shpargalki/back/media/image/logo-pc.jpg
[16/Mar/2021 16:04:23] "GET /shpargalki/back/media/image/logo-pc.jpg HTTP/1.0" 404 1854
[16/Mar/2021 16:04:31] "GET /shpargalki/back/myproject/media/image/logo-pc.jpg HTTP/1.0" 200 722137
/usr/share/nginx/django/shpargalki/back/myproject/myproject/settings.py changed, reloading.
Performing system checks...

System check identified no issues (0 silenced).
March 16, 2021 - 16:03:59
Django version 3.1.7, using settings 'myproject.settings'
Starting development server at http://127.0.0.1:1123/
Quit the server with CONTROL-C.
Watching for file changes with StatReloader
[16/Mar/2021 16:50:34] "GET /shpargalki/home/ HTTP/1.0" 200 29935
[16/Mar/2021 16:50:35] "GET /shpargalki/static/home/css.css HTTP/1.0" 200 14465
Not Found: /shpargalki/media/image/logo-pc.jpg
[16/Mar/2021 16:50:35] "GET /shpargalki/media/image/logo-pc.jpg HTTP/1.0" 404 1839
Not Found: /shpargalki/media/image/shadow_heart.svg
Not Found: /shpargalki/media/image/shadow_light-bulb.svg
[16/Mar/2021 16:50:35] "GET /shpargalki/media/image/shadow_heart.svg HTTP/1.0" 404 1854
Not Found: /shpargalki/media/image/shadow_users.svg
[16/Mar/2021 16:50:35] "GET /shpargalki/media/image/shadow_light-bulb.svg HTTP/1.0" 404 1869
Not Found: /shpargalki/media/image/shadow_clock.svg
[16/Mar/2021 16:50:35] "GET /shpargalki/media/image/shadow_users.svg HTTP/1.0" 404 1854
[16/Mar/2021 16:50:35] "GET /shpargalki/media/image/shadow_clock.svg HTTP/1.0" 404 1854
Not Found: /shpargalki/media/image/shadow_earth-globe.svg
[16/Mar/2021 16:50:35] "GET /shpargalki/media/image/shadow_earth-globe.svg HTTP/1.0" 404 1872
Not Found: /shpargalki/media/image/shadow_shopping-bag.svg
[16/Mar/2021 16:50:35] "GET /shpargalki/media/image/shadow_shopping-bag.svg HTTP/1.0" 404 1875
Not Found: /shpargalki/media/image/contacts_facebook.png
[16/Mar/2021 16:50:35] "GET /shpargalki/media/image/contacts_facebook.png HTTP/1.0" 404 1869
Not Found: /shpargalki/media/image/contacts_instagram.png
[16/Mar/2021 16:50:35] "GET /shpargalki/static/home/index.js HTTP/1.0" 200 106466
[16/Mar/2021 16:50:35] "GET /shpargalki/media/image/contacts_instagram.png HTTP/1.0" 404 1872
Not Found: /shpargalki/media/image/contacts_phone-call.svg
Not Found: /shpargalki/media/image/shadow_message.svg
[16/Mar/2021 16:50:35] "GET /shpargalki/media/image/shadow_message.svg HTTP/1.0" 404 1860
[16/Mar/2021 16:50:35] "GET /shpargalki/media/image/contacts_phone-call.svg HTTP/1.0" 404 1875
Not Found: /shpargalki/media/image/contacts_skype.png
[16/Mar/2021 16:50:35] "GET /shpargalki/media/image/contacts_skype.png HTTP/1.0" 404 1860
[16/Mar/2021 16:50:35] "GET /shpargalki/static/Attach/Fonts/Arsenal-Bold.ttf HTTP/1.0" 200 170184
[16/Mar/2021 16:50:35] "GET /shpargalki/static/Attach/Fonts/Arsenal-Italic.ttf HTTP/1.0" 200 168252
[16/Mar/2021 16:50:35] "GET /shpargalki/static/Attach/Fonts/Raleway-Regular.ttf HTTP/1.0" 200 163388
Not Found: /shpargalki/media/image/photo_3T5A9848-2.jpg
[16/Mar/2021 16:50:35] "GET /shpargalki/media/image/photo_3T5A9848-2.jpg HTTP/1.0" 404 1866
Not Found: /shpargalki/media/image/photo_3T5A0480-1.jpg
[16/Mar/2021 16:50:35] "GET /shpargalki/media/image/photo_3T5A0480-1.jpg HTTP/1.0" 404 1866
Not Found: /shpargalki/media/image/contacts_email.svg
Not Found: /shpargalki/media/image/photo_3T5A0328.jpg
Not Found: /shpargalki/media/image/photo_3T5A0395.jpg
[16/Mar/2021 16:50:35] "GET /shpargalki/media/image/photo_3T5A0328.jpg HTTP/1.0" 404 1860
Not Found: /shpargalki/media/image/photo_3T5A0149.jpg
[16/Mar/2021 16:50:35] "GET /shpargalki/media/image/photo_3T5A0395.jpg HTTP/1.0" 404 1860
[16/Mar/2021 16:50:35] "GET /shpargalki/media/image/contacts_email.svg HTTP/1.0" 404 1860
[16/Mar/2021 16:50:35] "GET /shpargalki/media/image/photo_3T5A0149.jpg HTTP/1.0" 404 1860
Not Found: /shpargalki/media/image/photo_3T5A0160-1.jpg
[16/Mar/2021 16:50:35] "GET /shpargalki/media/image/photo_3T5A0160-1.jpg HTTP/1.0" 404 1866
Not Found: /shpargalki/media/image/photo_3T5A0219.jpg
[16/Mar/2021 16:50:35] "GET /shpargalki/media/image/photo_3T5A0219.jpg HTTP/1.0" 404 1860
Not Found: /shpargalki/media/image/photo_3T5A0219.jpg
[16/Mar/2021 16:50:53] "GET /shpargalki/media/image/photo_3T5A0219.jpg HTTP/1.0" 404 1860
[16/Mar/2021 16:55:45] "GET /shpargalki/home/ HTTP/1.0" 200 29935
Not Found: /shpargalki/media/image/logo-pc.jpg
[16/Mar/2021 16:55:45] "GET /shpargalki/media/image/logo-pc.jpg HTTP/1.0" 404 1839
Not Found: /shpargalki/media/image/shadow_light-bulb.svg
Not Found: /shpargalki/media/image/shadow_heart.svg
[16/Mar/2021 16:55:46] "GET /shpargalki/media/image/shadow_light-bulb.svg HTTP/1.0" 404 1869
[16/Mar/2021 16:55:46] "GET /shpargalki/media/image/shadow_heart.svg HTTP/1.0" 404 1854
Not Found: /shpargalki/media/image/shadow_users.svg
Not Found: /shpargalki/media/image/shadow_clock.svg
[16/Mar/2021 16:55:46] "GET /shpargalki/media/image/shadow_users.svg HTTP/1.0" 404 1854
[16/Mar/2021 16:55:46] "GET /shpargalki/media/image/shadow_clock.svg HTTP/1.0" 404 1854
Not Found: /shpargalki/media/image/shadow_earth-globe.svg
Not Found: /shpargalki/media/image/shadow_shopping-bag.svg
[16/Mar/2021 16:55:46] "GET /shpargalki/media/image/shadow_earth-globe.svg HTTP/1.0" 404 1872
[16/Mar/2021 16:55:46] "GET /shpargalki/media/image/shadow_shopping-bag.svg HTTP/1.0" 404 1875
Not Found: /shpargalki/media/image/shadow_message.svg
Not Found: /shpargalki/media/image/contacts_facebook.png
[16/Mar/2021 16:55:46] "GET /shpargalki/media/image/shadow_message.svg HTTP/1.0" 404 1860
Not Found: /shpargalki/media/image/contacts_instagram.png
[16/Mar/2021 16:55:46] "GET /shpargalki/media/image/contacts_instagram.png HTTP/1.0" 404 1872
[16/Mar/2021 16:55:46] "GET /shpargalki/media/image/contacts_facebook.png HTTP/1.0" 404 1869
Not Found: /shpargalki/media/image/photo_3T5A9848-2.jpg
[16/Mar/2021 16:55:46] "GET /shpargalki/media/image/photo_3T5A9848-2.jpg HTTP/1.0" 404 1866
Not Found: /shpargalki/media/image/contacts_skype.png
[16/Mar/2021 16:55:46] "GET /shpargalki/media/image/contacts_skype.png HTTP/1.0" 404 1860
Not Found: /shpargalki/media/image/contacts_email.svg
[16/Mar/2021 16:55:46] "GET /shpargalki/media/image/contacts_email.svg HTTP/1.0" 404 1860
Not Found: /shpargalki/media/image/photo_3T5A0480-1.jpg
Not Found: /shpargalki/media/image/contacts_phone-call.svg
[16/Mar/2021 16:55:46] "GET /shpargalki/media/image/photo_3T5A0480-1.jpg HTTP/1.0" 404 1866
[16/Mar/2021 16:55:46] "GET /shpargalki/media/image/contacts_phone-call.svg HTTP/1.0" 404 1875
Not Found: /shpargalki/media/image/photo_3T5A0328.jpg
[16/Mar/2021 16:55:46] "GET /shpargalki/media/image/photo_3T5A0328.jpg HTTP/1.0" 404 1860
Not Found: /shpargalki/media/image/photo_3T5A0149.jpg
Not Found: /shpargalki/media/image/photo_3T5A0395.jpg
[16/Mar/2021 16:55:46] "GET /shpargalki/media/image/photo_3T5A0395.jpg HTTP/1.0" 404 1860
[16/Mar/2021 16:55:46] "GET /shpargalki/media/image/photo_3T5A0149.jpg HTTP/1.0" 404 1860
Not Found: /shpargalki/media/image/photo_3T5A0160-1.jpg
[16/Mar/2021 16:55:46] "GET /shpargalki/media/image/photo_3T5A0160-1.jpg HTTP/1.0" 404 1866
Not Found: /shpargalki/media/image/photo_3T5A0219.jpg
[16/Mar/2021 16:55:46] "GET /shpargalki/media/image/photo_3T5A0219.jpg HTTP/1.0" 404 1860
Watching for file changes with StatReloader
[16/Mar/2021 16:56:03] "GET /shpargalki/home/ HTTP/1.0" 200 29935
Not Found: /shpargalki/media/image/logo-pc.jpg
[16/Mar/2021 16:56:03] "GET /shpargalki/media/image/logo-pc.jpg HTTP/1.0" 404 1839
Not Found: /shpargalki/media/image/shadow_heart.svg
[16/Mar/2021 16:56:03] "GET /shpargalki/media/image/shadow_heart.svg HTTP/1.0" 404 1854
Not Found: /shpargalki/media/image/shadow_light-bulb.svg
[16/Mar/2021 16:56:03] "GET /shpargalki/media/image/shadow_light-bulb.svg HTTP/1.0" 404 1869
Not Found: /shpargalki/media/image/shadow_users.svg
Not Found: /shpargalki/media/image/shadow_clock.svg
[16/Mar/2021 16:56:03] "GET /shpargalki/media/image/shadow_users.svg HTTP/1.0" 404 1854
Not Found: /shpargalki/media/image/shadow_earth-globe.svg
[16/Mar/2021 16:56:03] "GET /shpargalki/media/image/shadow_clock.svg HTTP/1.0" 404 1854
[16/Mar/2021 16:56:03] "GET /shpargalki/media/image/shadow_earth-globe.svg HTTP/1.0" 404 1872
Not Found: /shpargalki/media/image/contacts_facebook.png
Not Found: /shpargalki/media/image/shadow_shopping-bag.svg
[16/Mar/2021 16:56:03] "GET /shpargalki/media/image/contacts_facebook.png HTTP/1.0" 404 1869
Not Found: /shpargalki/media/image/shadow_message.svg
[16/Mar/2021 16:56:03] "GET /shpargalki/media/image/shadow_shopping-bag.svg HTTP/1.0" 404 1875
[16/Mar/2021 16:56:03] "GET /shpargalki/media/image/shadow_message.svg HTTP/1.0" 404 1860
Not Found: /shpargalki/media/image/contacts_skype.png
Not Found: /shpargalki/media/image/contacts_instagram.png
Not Found: /shpargalki/media/image/contacts_email.svg
[16/Mar/2021 16:56:04] "GET /shpargalki/media/image/contacts_skype.png HTTP/1.0" 404 1860
[16/Mar/2021 16:56:04] "GET /shpargalki/media/image/contacts_instagram.png HTTP/1.0" 404 1872
Not Found: /shpargalki/media/image/contacts_phone-call.svg
[16/Mar/2021 16:56:04] "GET /shpargalki/media/image/contacts_email.svg HTTP/1.0" 404 1860
[16/Mar/2021 16:56:04] "GET /shpargalki/media/image/contacts_phone-call.svg HTTP/1.0" 404 1875
Not Found: /shpargalki/media/image/photo_3T5A9848-2.jpg
Not Found: /shpargalki/media/image/photo_3T5A0328.jpg
[16/Mar/2021 16:56:04] "GET /shpargalki/media/image/photo_3T5A9848-2.jpg HTTP/1.0" 404 1866
[16/Mar/2021 16:56:04] "GET /shpargalki/media/image/photo_3T5A0328.jpg HTTP/1.0" 404 1860
Not Found: /shpargalki/media/image/photo_3T5A0480-1.jpg
[16/Mar/2021 16:56:04] "GET /shpargalki/media/image/photo_3T5A0480-1.jpg HTTP/1.0" 404 1866
Not Found: /shpargalki/media/image/photo_3T5A0149.jpg
[16/Mar/2021 16:56:04] "GET /shpargalki/media/image/photo_3T5A0149.jpg HTTP/1.0" 404 1860
Not Found: /shpargalki/media/image/photo_3T5A0395.jpg
[16/Mar/2021 16:56:04] "GET /shpargalki/media/image/photo_3T5A0395.jpg HTTP/1.0" 404 1860
Not Found: /shpargalki/media/image/photo_3T5A0160-1.jpg
[16/Mar/2021 16:56:04] "GET /shpargalki/media/image/photo_3T5A0160-1.jpg HTTP/1.0" 404 1866
Not Found: /shpargalki/media/image/photo_3T5A0219.jpg
[16/Mar/2021 16:56:04] "GET /shpargalki/media/image/photo_3T5A0219.jpg HTTP/1.0" 404 1860
[16/Mar/2021 16:58:55] "GET /shpargalki/home/ HTTP/1.0" 200 29935
Not Found: /shpargalki/media/image/logo-pc.jpg
[16/Mar/2021 16:58:55] "GET /shpargalki/media/image/logo-pc.jpg HTTP/1.0" 404 1839
Not Found: /shpargalki/media/image/shadow_light-bulb.svg
Not Found: /shpargalki/media/image/shadow_heart.svg
[16/Mar/2021 16:58:55] "GET /shpargalki/media/image/shadow_heart.svg HTTP/1.0" 404 1854
Not Found: /shpargalki/media/image/shadow_clock.svg
[16/Mar/2021 16:58:55] "GET /shpargalki/media/image/shadow_light-bulb.svg HTTP/1.0" 404 1869
[16/Mar/2021 16:58:55] "GET /shpargalki/media/image/shadow_clock.svg HTTP/1.0" 404 1854
Not Found: /shpargalki/media/image/shadow_shopping-bag.svg
Not Found: /shpargalki/media/image/shadow_earth-globe.svg
Not Found: /shpargalki/media/image/shadow_message.svg
[16/Mar/2021 16:58:55] "GET /shpargalki/media/image/shadow_shopping-bag.svg HTTP/1.0" 404 1875
Not Found: /shpargalki/media/image/shadow_users.svg
[16/Mar/2021 16:58:55] "GET /shpargalki/media/image/shadow_users.svg HTTP/1.0" 404 1854
[16/Mar/2021 16:58:55] "GET /shpargalki/media/image/shadow_earth-globe.svg HTTP/1.0" 404 1872
Not Found: /shpargalki/media/image/contacts_skype.png
[16/Mar/2021 16:58:55] "GET /shpargalki/media/image/shadow_message.svg HTTP/1.0" 404 1860
[16/Mar/2021 16:58:55] "GET /shpargalki/media/image/contacts_skype.png HTTP/1.0" 404 1860
Not Found: /shpargalki/media/image/contacts_instagram.png
[16/Mar/2021 16:58:55] "GET /shpargalki/media/image/contacts_instagram.png HTTP/1.0" 404 1872
Not Found: /shpargalki/media/image/contacts_facebook.png
Not Found: /shpargalki/media/image/contacts_phone-call.svg
[16/Mar/2021 16:58:55] "GET /shpargalki/media/image/contacts_facebook.png HTTP/1.0" 404 1869
[16/Mar/2021 16:58:55] "GET /shpargalki/media/image/contacts_phone-call.svg HTTP/1.0" 404 1875
Not Found: /shpargalki/media/image/contacts_email.svg
[16/Mar/2021 16:58:55] "GET /shpargalki/media/image/contacts_email.svg HTTP/1.0" 404 1860
Not Found: /shpargalki/media/image/photo_3T5A9848-2.jpg
[16/Mar/2021 16:58:55] "GET /shpargalki/media/image/photo_3T5A9848-2.jpg HTTP/1.0" 404 1866
Not Found: /shpargalki/media/image/photo_3T5A0480-1.jpg
Not Found: /shpargalki/media/image/photo_3T5A0328.jpg
[16/Mar/2021 16:58:55] "GET /shpargalki/media/image/photo_3T5A0480-1.jpg HTTP/1.0" 404 1866
[16/Mar/2021 16:58:55] "GET /shpargalki/media/image/photo_3T5A0328.jpg HTTP/1.0" 404 1860
Not Found: /shpargalki/media/image/photo_3T5A0149.jpg
[16/Mar/2021 16:58:55] "GET /shpargalki/media/image/photo_3T5A0149.jpg HTTP/1.0" 404 1860
Not Found: /shpargalki/media/image/photo_3T5A0160-1.jpg
[16/Mar/2021 16:58:55] "GET /shpargalki/media/image/photo_3T5A0160-1.jpg HTTP/1.0" 404 1866
Not Found: /shpargalki/media/image/photo_3T5A0395.jpg
[16/Mar/2021 16:58:55] "GET /shpargalki/media/image/photo_3T5A0395.jpg HTTP/1.0" 404 1860
Not Found: /shpargalki/media/image/photo_3T5A0219.jpg
[16/Mar/2021 16:58:55] "GET /shpargalki/media/image/photo_3T5A0219.jpg HTTP/1.0" 404 1860
[16/Mar/2021 16:58:57] "GET /shpargalki/home/ HTTP/1.0" 200 29935
Not Found: /shpargalki/media/image/logo-pc.jpg
[16/Mar/2021 16:58:57] "GET /shpargalki/media/image/logo-pc.jpg HTTP/1.0" 404 1839
[16/Mar/2021 16:58:57] "GET /shpargalki/static/home/css.css HTTP/1.0" 200 14465
Not Found: /shpargalki/media/image/shadow_heart.svg
[16/Mar/2021 16:58:57] "GET /shpargalki/media/image/shadow_heart.svg HTTP/1.0" 404 1854
Not Found: /shpargalki/media/image/shadow_light-bulb.svg
[16/Mar/2021 16:58:57] "GET /shpargalki/media/image/shadow_light-bulb.svg HTTP/1.0" 404 1869
Not Found: /shpargalki/media/image/shadow_earth-globe.svg
[16/Mar/2021 16:58:57] "GET /shpargalki/media/image/shadow_earth-globe.svg HTTP/1.0" 404 1872
Not Found: /shpargalki/media/image/shadow_users.svg
[16/Mar/2021 16:58:57] "GET /shpargalki/media/image/shadow_users.svg HTTP/1.0" 404 1854
Not Found: /shpargalki/media/image/shadow_clock.svg
Not Found: /shpargalki/media/image/shadow_shopping-bag.svg
[16/Mar/2021 16:58:57] "GET /shpargalki/media/image/shadow_clock.svg HTTP/1.0" 404 1854
[16/Mar/2021 16:58:57] "GET /shpargalki/media/image/shadow_shopping-bag.svg HTTP/1.0" 404 1875
[16/Mar/2021 16:58:57] "GET /shpargalki/static/Attach/Fonts/Raleway-Regular.ttf HTTP/1.0" 200 163388
[16/Mar/2021 16:58:57] "GET /shpargalki/static/Attach/Fonts/Arsenal-Bold.ttf HTTP/1.0" 200 170184
Not Found: /shpargalki/media/image/photo_3T5A9848-2.jpg
[16/Mar/2021 16:58:57] "GET /shpargalki/media/image/photo_3T5A9848-2.jpg HTTP/1.0" 404 1866
[16/Mar/2021 16:58:57] "GET /shpargalki/static/Attach/Fonts/Arsenal-Italic.ttf HTTP/1.0" 200 168252
[16/Mar/2021 16:58:57] "GET /shpargalki/static/home/index.js HTTP/1.0" 200 106466
Not Found: /shpargalki/media/image/shadow_message.svg
[16/Mar/2021 16:58:57] "GET /shpargalki/media/image/shadow_message.svg HTTP/1.0" 404 1860
Not Found: /shpargalki/media/image/contacts_facebook.png
Not Found: /shpargalki/media/image/contacts_instagram.png
[16/Mar/2021 16:58:57] "GET /shpargalki/media/image/contacts_facebook.png HTTP/1.0" 404 1869
[16/Mar/2021 16:58:57] "GET /shpargalki/media/image/contacts_instagram.png HTTP/1.0" 404 1872
Not Found: /shpargalki/media/image/contacts_phone-call.svg
[16/Mar/2021 16:58:57] "GET /shpargalki/media/image/contacts_phone-call.svg HTTP/1.0" 404 1875
Not Found: /shpargalki/media/image/contacts_skype.png
[16/Mar/2021 16:58:57] "GET /shpargalki/media/image/contacts_skype.png HTTP/1.0" 404 1860
Not Found: /shpargalki/media/image/contacts_email.svg
[16/Mar/2021 16:58:57] "GET /shpargalki/media/image/contacts_email.svg HTTP/1.0" 404 1860
Not Found: /shpargalki/media/image/photo_3T5A0328.jpg
Not Found: /shpargalki/media/image/photo_3T5A0480-1.jpg
[16/Mar/2021 16:58:57] "GET /shpargalki/media/image/photo_3T5A0328.jpg HTTP/1.0" 404 1860
[16/Mar/2021 16:58:57] "GET /shpargalki/media/image/photo_3T5A0480-1.jpg HTTP/1.0" 404 1866
Not Found: /shpargalki/media/image/photo_3T5A0149.jpg
[16/Mar/2021 16:58:57] "GET /shpargalki/media/image/photo_3T5A0149.jpg HTTP/1.0" 404 1860
Not Found: /shpargalki/media/image/photo_3T5A0160-1.jpg
Not Found: /shpargalki/media/image/photo_3T5A0395.jpg
[16/Mar/2021 16:58:57] "GET /shpargalki/media/image/photo_3T5A0395.jpg HTTP/1.0" 404 1860
[16/Mar/2021 16:58:57] "GET /shpargalki/media/image/photo_3T5A0160-1.jpg HTTP/1.0" 404 1866
Not Found: /shpargalki/media/image/photo_3T5A0219.jpg
[16/Mar/2021 16:58:57] "GET /shpargalki/media/image/photo_3T5A0219.jpg HTTP/1.0" 404 1860
/usr/share/nginx/django/shpargalki/back/myproject/myproject/settings.py changed, reloading.
Performing system checks...

System check identified no issues (0 silenced).
March 16, 2021 - 16:56:02
Django version 3.1.7, using settings 'myproject.settings'
Starting development server at http://127.0.0.1:1123/
Quit the server with CONTROL-C.
Watching for file changes with StatReloader
[16/Mar/2021 17:43:14] "GET /shpargalki/home/ HTTP/1.0" 200 29935
[16/Mar/2021 17:43:15] "GET /shpargalki/media/image/logo-pc.jpg HTTP/1.0" 200 722137
[16/Mar/2021 17:43:15] "GET /shpargalki/media/image/shadow_heart.svg HTTP/1.0" 200 1351
[16/Mar/2021 17:43:15] "GET /shpargalki/media/image/shadow_light-bulb.svg HTTP/1.0" 200 2656
[16/Mar/2021 17:43:15] "GET /shpargalki/media/image/shadow_users.svg HTTP/1.0" 200 2288
[16/Mar/2021 17:43:15] "GET /shpargalki/media/image/shadow_clock.svg HTTP/1.0" 200 2053
[16/Mar/2021 17:43:15] "GET /shpargalki/media/image/shadow_earth-globe.svg HTTP/1.0" 200 1889
[16/Mar/2021 17:43:15] "GET /shpargalki/media/image/shadow_shopping-bag.svg HTTP/1.0" 200 1336
[16/Mar/2021 17:43:15] "GET /shpargalki/media/image/shadow_message.svg HTTP/1.0" 200 1263
[16/Mar/2021 17:43:15] "GET /shpargalki/media/image/contacts_facebook.png HTTP/1.0" 200 676
[16/Mar/2021 17:43:15] "GET /shpargalki/media/image/contacts_instagram.png HTTP/1.0" 200 2953
[16/Mar/2021 17:43:15] "GET /shpargalki/media/image/contacts_skype.png HTTP/1.0" 200 1370
[16/Mar/2021 17:43:15] "GET /shpargalki/media/image/contacts_phone-call.svg HTTP/1.0" 200 2477
[16/Mar/2021 17:43:15] "GET /shpargalki/media/image/photo_3T5A9848-2.jpg HTTP/1.0" 200 322042
[16/Mar/2021 17:43:15] "GET /shpargalki/media/image/contacts_email.svg HTTP/1.0" 200 1161
[16/Mar/2021 17:43:15] "GET /shpargalki/media/image/photo_3T5A0480-1.jpg HTTP/1.0" 200 568280
[16/Mar/2021 17:43:15] "GET /shpargalki/media/image/photo_3T5A0149.jpg HTTP/1.0" 200 350417
[16/Mar/2021 17:43:15] "GET /shpargalki/media/image/photo_3T5A0328.jpg HTTP/1.0" 200 905944
[16/Mar/2021 17:43:15] "GET /shpargalki/media/image/photo_3T5A0395.jpg HTTP/1.0" 200 548092
[16/Mar/2021 17:43:15] "GET /shpargalki/media/image/photo_3T5A0160-1.jpg HTTP/1.0" 200 83024
[16/Mar/2021 17:43:15] "GET /shpargalki/media/image/photo_3T5A0219.jpg HTTP/1.0" 200 553297
[16/Mar/2021 17:43:29] "GET /shpargalki/home/ HTTP/1.0" 200 29935
[16/Mar/2021 17:43:29] "GET /shpargalki/static/home/css.css HTTP/1.0" 200 14465
[16/Mar/2021 17:43:29] "GET /shpargalki/media/image/logo-pc.jpg HTTP/1.0" 200 722137
[16/Mar/2021 17:43:29] "GET /shpargalki/media/image/shadow_light-bulb.svg HTTP/1.0" 200 2656
[16/Mar/2021 17:43:29] "GET /shpargalki/media/image/shadow_users.svg HTTP/1.0" 200 2288
[16/Mar/2021 17:43:29] "GET /shpargalki/media/image/shadow_earth-globe.svg HTTP/1.0" 200 1889
[16/Mar/2021 17:43:29] "GET /shpargalki/media/image/shadow_heart.svg HTTP/1.0" 200 1351
[16/Mar/2021 17:43:29] "GET /shpargalki/media/image/shadow_clock.svg HTTP/1.0" 200 2053
[16/Mar/2021 17:43:29] "GET /shpargalki/media/image/shadow_shopping-bag.svg HTTP/1.0" 200 1336
[16/Mar/2021 17:43:29] "GET /shpargalki/static/home/index.js HTTP/1.0" 200 106466
[16/Mar/2021 17:43:29] "GET /shpargalki/media/image/contacts_facebook.png HTTP/1.0" 200 676
[16/Mar/2021 17:43:29] "GET /shpargalki/media/image/photo_3T5A9848-2.jpg HTTP/1.0" 200 322042
[16/Mar/2021 17:43:29] "GET /shpargalki/static/Attach/Fonts/Arsenal-Italic.ttf HTTP/1.0" 200 168252
[16/Mar/2021 17:43:29] "GET /shpargalki/media/image/shadow_message.svg HTTP/1.0" 200 1263
[16/Mar/2021 17:43:29] "GET /shpargalki/static/Attach/Fonts/Raleway-Regular.ttf HTTP/1.0" 200 163388
[16/Mar/2021 17:43:30] "GET /shpargalki/static/Attach/Fonts/Arsenal-Bold.ttf HTTP/1.0" 200 170184
[16/Mar/2021 17:43:30] "GET /shpargalki/media/image/contacts_instagram.png HTTP/1.0" 200 2953
[16/Mar/2021 17:43:30] "GET /shpargalki/media/image/contacts_skype.png HTTP/1.0" 200 1370
[16/Mar/2021 17:43:30] "GET /shpargalki/media/image/contacts_phone-call.svg HTTP/1.0" 200 2477
[16/Mar/2021 17:43:30] "GET /shpargalki/media/image/contacts_email.svg HTTP/1.0" 200 1161
[16/Mar/2021 17:43:30] "GET /shpargalki/media/image/photo_3T5A0480-1.jpg HTTP/1.0" 200 568280
[16/Mar/2021 17:43:30] "GET /shpargalki/media/image/photo_3T5A0328.jpg HTTP/1.0" 200 905944
[16/Mar/2021 17:43:30] "GET /shpargalki/media/image/photo_3T5A0149.jpg HTTP/1.0" 200 350417
[16/Mar/2021 17:43:30] "GET /shpargalki/media/image/photo_3T5A0160-1.jpg HTTP/1.0" 200 83024
[16/Mar/2021 17:43:30] "GET /shpargalki/media/image/photo_3T5A0395.jpg HTTP/1.0" 200 548092
[16/Mar/2021 17:43:30] "GET /shpargalki/media/image/photo_3T5A0219.jpg HTTP/1.0" 200 553297
/usr/share/nginx/django/shpargalki/back/myproject/myproject/settings.py changed, reloading.
Performing system checks...

System check identified no issues (0 silenced).
March 16, 2021 - 17:43:06
Django version 3.1.7, using settings 'myproject.settings'
Starting development server at http://127.0.0.1:1123/
Quit the server with CONTROL-C.
Watching for file changes with StatReloader
[16/Mar/2021 17:46:53] "GET /shpargalki/home/ HTTP/1.0" 200 29935
[16/Mar/2021 17:46:53] "GET /shpargalki/static/home/css.css HTTP/1.0" 200 18029
[16/Mar/2021 17:46:53] "GET /shpargalki/media/image/logo-pc.jpg HTTP/1.0" 200 722137
[16/Mar/2021 17:46:53] "GET /shpargalki/media/image/shadow_heart.svg HTTP/1.0" 200 1351
[16/Mar/2021 17:46:53] "GET /shpargalki/media/image/shadow_light-bulb.svg HTTP/1.0" 200 2656
[16/Mar/2021 17:46:53] "GET /shpargalki/media/image/shadow_users.svg HTTP/1.0" 200 2288
[16/Mar/2021 17:46:53] "GET /shpargalki/media/image/shadow_earth-globe.svg HTTP/1.0" 200 1889
[16/Mar/2021 17:46:53] "GET /shpargalki/media/image/shadow_clock.svg HTTP/1.0" 200 2053
[16/Mar/2021 17:46:53] "GET /shpargalki/media/image/shadow_shopping-bag.svg HTTP/1.0" 200 1336
[16/Mar/2021 17:46:53] "GET /shpargalki/media/image/shadow_message.svg HTTP/1.0" 200 1263
[16/Mar/2021 17:46:53] "GET /shpargalki/static/Attach/Fonts/Arsenal-Italic.ttf HTTP/1.0" 200 168252
[16/Mar/2021 17:46:53] "GET /shpargalki/media/image/contacts_facebook.png HTTP/1.0" 200 676
[16/Mar/2021 17:46:53] "GET /shpargalki/static/Attach/Fonts/Raleway-Regular.ttf HTTP/1.0" 200 163388
[16/Mar/2021 17:46:53] "GET /shpargalki/media/image/photo_3T5A9848-2.jpg HTTP/1.0" 200 322042
[16/Mar/2021 17:46:54] "GET /shpargalki/static/Attach/Fonts/Arsenal-Bold.ttf HTTP/1.0" 200 170184
[16/Mar/2021 17:46:54] "GET /shpargalki/media/image/contacts_instagram.png HTTP/1.0" 200 2953
[16/Mar/2021 17:46:54] "GET /shpargalki/static/home/index.js HTTP/1.0" 200 107004
[16/Mar/2021 17:46:54] "GET /shpargalki/media/image/contacts_skype.png HTTP/1.0" 200 1370
[16/Mar/2021 17:46:54] "GET /shpargalki/media/image/contacts_phone-call.svg HTTP/1.0" 200 2477
[16/Mar/2021 17:46:54] "GET /shpargalki/media/image/contacts_email.svg HTTP/1.0" 200 1161
[16/Mar/2021 17:46:54] "GET /shpargalki/media/image/photo_3T5A0160-1.jpg HTTP/1.0" 200 83024
[16/Mar/2021 17:46:54] "GET /shpargalki/media/image/photo_3T5A0480-1.jpg HTTP/1.0" 200 568280
[16/Mar/2021 17:46:54] "GET /shpargalki/media/image/photo_3T5A0395.jpg HTTP/1.0" 200 548092
[16/Mar/2021 17:46:54] "GET /shpargalki/media/image/photo_3T5A0328.jpg HTTP/1.0" 200 905944
[16/Mar/2021 17:46:54] "GET /shpargalki/media/image/photo_3T5A0149.jpg HTTP/1.0" 200 350417
[16/Mar/2021 17:46:54] "GET /shpargalki/media/image/photo_3T5A0219.jpg HTTP/1.0" 200 553297
[16/Mar/2021 17:46:57] "GET /shpargalki/static/Attach/Images/menu-burger.svg HTTP/1.0" 404 1835
[16/Mar/2021 17:47:06] "GET /shpargalki/home/ HTTP/1.0" 200 29935
[16/Mar/2021 17:47:06] "GET /shpargalki/static/home/css.css HTTP/1.0" 200 18029
[16/Mar/2021 17:47:06] "GET /shpargalki/media/image/logo-pc.jpg HTTP/1.0" 200 722137
[16/Mar/2021 17:47:06] "GET /shpargalki/media/image/shadow_heart.svg HTTP/1.0" 200 1351
[16/Mar/2021 17:47:06] "GET /shpargalki/media/image/shadow_light-bulb.svg HTTP/1.0" 200 2656
[16/Mar/2021 17:47:06] "GET /shpargalki/media/image/shadow_users.svg HTTP/1.0" 200 2288
[16/Mar/2021 17:47:06] "GET /shpargalki/media/image/shadow_clock.svg HTTP/1.0" 200 2053
[16/Mar/2021 17:47:06] "GET /shpargalki/media/image/shadow_earth-globe.svg HTTP/1.0" 200 1889
[16/Mar/2021 17:47:06] "GET /shpargalki/media/image/shadow_shopping-bag.svg HTTP/1.0" 200 1336
[16/Mar/2021 17:47:06] "GET /shpargalki/media/image/shadow_message.svg HTTP/1.0" 200 1263
[16/Mar/2021 17:47:06] "GET /shpargalki/media/image/contacts_instagram.png HTTP/1.0" 200 2953
[16/Mar/2021 17:47:06] "GET /shpargalki/media/image/contacts_facebook.png HTTP/1.0" 200 676
[16/Mar/2021 17:47:06] "GET /shpargalki/media/image/contacts_skype.png HTTP/1.0" 200 1370
[16/Mar/2021 17:47:06] "GET /shpargalki/media/image/contacts_phone-call.svg HTTP/1.0" 200 2477
[16/Mar/2021 17:47:06] "GET /shpargalki/media/image/contacts_email.svg HTTP/1.0" 200 1161
[16/Mar/2021 17:47:06] "GET /shpargalki/static/Attach/Fonts/Arsenal-Italic.ttf HTTP/1.0" 200 168252
[16/Mar/2021 17:47:06] "GET /shpargalki/static/Attach/Images/menu-burger.svg HTTP/1.0" 404 1835
[16/Mar/2021 17:47:06] "GET /shpargalki/static/Attach/Fonts/Raleway-Regular.ttf HTTP/1.0" 200 163388
[16/Mar/2021 17:47:06] "GET /shpargalki/static/Attach/Fonts/Arsenal-Bold.ttf HTTP/1.0" 200 170184
[16/Mar/2021 17:47:06] "GET /shpargalki/static/home/index.js HTTP/1.0" 200 107004
[16/Mar/2021 17:47:06] "GET /shpargalki/media/image/photo_3T5A9848-2.jpg HTTP/1.0" 200 322042
[16/Mar/2021 17:47:06] "GET /shpargalki/media/image/photo_3T5A0480-1.jpg HTTP/1.0" 200 568280
[16/Mar/2021 17:47:06] "GET /shpargalki/media/image/photo_3T5A0328.jpg HTTP/1.0" 200 905944
[16/Mar/2021 17:47:06] "GET /shpargalki/media/image/photo_3T5A0149.jpg HTTP/1.0" 200 350417
[16/Mar/2021 17:47:06] "GET /shpargalki/media/image/photo_3T5A0395.jpg HTTP/1.0" 200 548092
[16/Mar/2021 17:47:07] "GET /shpargalki/media/image/photo_3T5A0160-1.jpg HTTP/1.0" 200 83024
[16/Mar/2021 17:47:07] "GET /shpargalki/media/image/photo_3T5A0219.jpg HTTP/1.0" 200 553297
[16/Mar/2021 17:47:19] "GET /shpargalki/home/ HTTP/1.0" 200 29935
[16/Mar/2021 17:47:19] "GET /shpargalki/static/home/css.css HTTP/1.0" 200 18029
[16/Mar/2021 17:47:19] "GET /shpargalki/media/image/logo-pc.jpg HTTP/1.0" 200 722137
[16/Mar/2021 17:47:20] "GET /shpargalki/media/image/shadow_heart.svg HTTP/1.0" 200 1351
[16/Mar/2021 17:47:20] "GET /shpargalki/media/image/shadow_light-bulb.svg HTTP/1.0" 200 2656
[16/Mar/2021 17:47:20] "GET /shpargalki/media/image/shadow_clock.svg HTTP/1.0" 200 2053
[16/Mar/2021 17:47:20] "GET /shpargalki/media/image/shadow_users.svg HTTP/1.0" 200 2288
[16/Mar/2021 17:47:20] "GET /shpargalki/media/image/shadow_earth-globe.svg HTTP/1.0" 200 1889
[16/Mar/2021 17:47:20] "GET /shpargalki/static/Attach/Images/menu-burger.svg HTTP/1.0" 404 1835
[16/Mar/2021 17:47:20] "GET /shpargalki/static/Attach/Fonts/Raleway-Regular.ttf HTTP/1.0" 200 163388
[16/Mar/2021 17:47:20] "GET /shpargalki/static/Attach/Fonts/Arsenal-Italic.ttf HTTP/1.0" 200 168252
[16/Mar/2021 17:47:20] "GET /shpargalki/static/Attach/Fonts/Arsenal-Bold.ttf HTTP/1.0" 200 170184
[16/Mar/2021 17:47:20] "GET /shpargalki/media/image/shadow_shopping-bag.svg HTTP/1.0" 200 1336
[16/Mar/2021 17:47:20] "GET /shpargalki/static/home/index.js HTTP/1.0" 200 107004
[16/Mar/2021 17:47:20] "GET /shpargalki/media/image/shadow_message.svg HTTP/1.0" 200 1263
[16/Mar/2021 17:47:20] "GET /shpargalki/media/image/contacts_facebook.png HTTP/1.0" 200 676
[16/Mar/2021 17:47:20] "GET /shpargalki/media/image/contacts_skype.png HTTP/1.0" 200 1370
[16/Mar/2021 17:47:20] "GET /shpargalki/media/image/contacts_phone-call.svg HTTP/1.0" 200 2477
[16/Mar/2021 17:47:20] "GET /shpargalki/media/image/contacts_instagram.png HTTP/1.0" 200 2953
[16/Mar/2021 17:47:20] "GET /shpargalki/media/image/contacts_email.svg HTTP/1.0" 200 1161
[16/Mar/2021 17:47:20] "GET /shpargalki/media/image/photo_3T5A9848-2.jpg HTTP/1.0" 200 322042
[16/Mar/2021 17:47:20] "GET /shpargalki/media/image/photo_3T5A0480-1.jpg HTTP/1.0" 200 568280
[16/Mar/2021 17:47:20] "GET /shpargalki/media/image/photo_3T5A0395.jpg HTTP/1.0" 200 548092
[16/Mar/2021 17:47:20] "GET /shpargalki/media/image/photo_3T5A0149.jpg HTTP/1.0" 200 350417
[16/Mar/2021 17:47:20] "GET /shpargalki/media/image/photo_3T5A0160-1.jpg HTTP/1.0" 200 83024
[16/Mar/2021 17:47:20] "GET /shpargalki/media/image/photo_3T5A0328.jpg HTTP/1.0" 200 905944
[16/Mar/2021 17:47:20] "GET /shpargalki/media/image/photo_3T5A0219.jpg HTTP/1.0" 200 553297
[16/Mar/2021 17:59:38] "GET /shpargalki/home/ HTTP/1.0" 200 29935
[16/Mar/2021 17:59:38] "GET /shpargalki/static/home/css.css HTTP/1.0" 200 18029
[16/Mar/2021 17:59:38] "GET /shpargalki/media/image/logo-pc.jpg HTTP/1.0" 200 722137
[16/Mar/2021 17:59:39] "GET /shpargalki/media/image/shadow_heart.svg HTTP/1.0" 200 1351
[16/Mar/2021 17:59:39] "GET /shpargalki/media/image/shadow_light-bulb.svg HTTP/1.0" 200 2656
[16/Mar/2021 17:59:39] "GET /shpargalki/media/image/shadow_users.svg HTTP/1.0" 200 2288
[16/Mar/2021 17:59:39] "GET /shpargalki/media/image/shadow_clock.svg HTTP/1.0" 200 2053
[16/Mar/2021 17:59:39] "GET /shpargalki/media/image/shadow_earth-globe.svg HTTP/1.0" 200 1889
[16/Mar/2021 17:59:39] "GET /shpargalki/media/image/shadow_shopping-bag.svg HTTP/1.0" 200 1336
[16/Mar/2021 17:59:39] "GET /shpargalki/static/Attach/Fonts/Raleway-Regular.ttf HTTP/1.0" 200 163388
[16/Mar/2021 17:59:39] "GET /shpargalki/static/Attach/Fonts/Arsenal-Italic.ttf HTTP/1.0" 200 168252
[16/Mar/2021 17:59:39] "GET /shpargalki/media/image/photo_3T5A9848-2.jpg HTTP/1.0" 200 322042
[16/Mar/2021 17:59:39] "GET /shpargalki/static/Attach/Fonts/Arsenal-Bold.ttf HTTP/1.0" 200 170184
[16/Mar/2021 17:59:39] "GET /shpargalki/static/Attach/Images/menu-burger.svg HTTP/1.0" 200 251
[16/Mar/2021 17:59:39] "GET /shpargalki/media/image/shadow_message.svg HTTP/1.0" 200 1263
[16/Mar/2021 17:59:39] "GET /shpargalki/media/image/contacts_facebook.png HTTP/1.0" 200 676
[16/Mar/2021 17:59:39] "GET /shpargalki/media/image/contacts_instagram.png HTTP/1.0" 200 2953
[16/Mar/2021 17:59:39] "GET /shpargalki/media/image/contacts_skype.png HTTP/1.0" 200 1370
[16/Mar/2021 17:59:39] "GET /shpargalki/media/image/contacts_phone-call.svg HTTP/1.0" 200 2477
[16/Mar/2021 17:59:39] "GET /shpargalki/media/image/contacts_email.svg HTTP/1.0" 200 1161
[16/Mar/2021 17:59:39] "GET /shpargalki/static/home/index.js HTTP/1.0" 200 107004
[16/Mar/2021 17:59:39] "GET /shpargalki/media/image/photo_3T5A0480-1.jpg HTTP/1.0" 200 568280
[16/Mar/2021 17:59:39] "GET /shpargalki/media/image/photo_3T5A0328.jpg HTTP/1.0" 200 905944
[16/Mar/2021 17:59:39] "GET /shpargalki/media/image/photo_3T5A0149.jpg HTTP/1.0" 200 350417
[16/Mar/2021 17:59:39] "GET /shpargalki/media/image/photo_3T5A0395.jpg HTTP/1.0" 200 548092
[16/Mar/2021 17:59:39] "GET /shpargalki/media/image/photo_3T5A0160-1.jpg HTTP/1.0" 200 83024
[16/Mar/2021 17:59:39] "GET /shpargalki/media/image/photo_3T5A0219.jpg HTTP/1.0" 200 553297
[16/Mar/2021 18:07:10] "GET /shpargalki/home/ HTTP/1.0" 200 29935
[16/Mar/2021 18:07:10] "GET /shpargalki/static/home/css.css HTTP/1.0" 200 18029
[16/Mar/2021 18:07:10] "GET /shpargalki/media/image/logo-pc.jpg HTTP/1.0" 200 722137
[16/Mar/2021 18:07:10] "GET /shpargalki/media/image/shadow_heart.svg HTTP/1.0" 200 1351
[16/Mar/2021 18:07:10] "GET /shpargalki/media/image/shadow_users.svg HTTP/1.0" 200 2288
[16/Mar/2021 18:07:10] "GET /shpargalki/media/image/shadow_light-bulb.svg HTTP/1.0" 200 2656
[16/Mar/2021 18:07:10] "GET /shpargalki/media/image/shadow_clock.svg HTTP/1.0" 200 2053
[16/Mar/2021 18:07:10] "GET /shpargalki/media/image/shadow_earth-globe.svg HTTP/1.0" 200 1889
[16/Mar/2021 18:07:10] "GET /shpargalki/media/image/shadow_shopping-bag.svg HTTP/1.0" 200 1336
[16/Mar/2021 18:07:10] "GET /shpargalki/static/Attach/Fonts/Arsenal-Italic.ttf HTTP/1.0" 200 168252
[16/Mar/2021 18:07:10] "GET /shpargalki/static/Attach/Fonts/Raleway-Regular.ttf HTTP/1.0" 200 163388
[16/Mar/2021 18:07:10] "GET /shpargalki/static/Attach/Fonts/Arsenal-Bold.ttf HTTP/1.0" 200 170184
[16/Mar/2021 18:07:10] "GET /shpargalki/static/home/index.js HTTP/1.0" 200 107004
[16/Mar/2021 18:07:10] "GET /shpargalki/media/image/shadow_message.svg HTTP/1.0" 200 1263
[16/Mar/2021 18:07:10] "GET /shpargalki/media/image/contacts_facebook.png HTTP/1.0" 200 676
[16/Mar/2021 18:07:11] "GET /shpargalki/media/image/contacts_instagram.png HTTP/1.0" 200 2953
[16/Mar/2021 18:07:11] "GET /shpargalki/media/image/contacts_phone-call.svg HTTP/1.0" 200 2477
[16/Mar/2021 18:07:11] "GET /shpargalki/media/image/contacts_email.svg HTTP/1.0" 200 1161
[16/Mar/2021 18:07:11] "GET /shpargalki/media/image/contacts_skype.png HTTP/1.0" 200 1370
[16/Mar/2021 18:07:11] "GET /shpargalki/static/Attach/Images/menu-burger.svg HTTP/1.0" 200 251
[16/Mar/2021 18:07:11] "GET /shpargalki/media/image/photo_3T5A9848-2.jpg HTTP/1.0" 200 322042
[16/Mar/2021 18:07:11] "GET /shpargalki/media/image/photo_3T5A0480-1.jpg HTTP/1.0" 200 568280
[16/Mar/2021 18:07:11] "GET /shpargalki/media/image/photo_3T5A0149.jpg HTTP/1.0" 200 350417
[16/Mar/2021 18:07:11] "GET /shpargalki/media/image/photo_3T5A0328.jpg HTTP/1.0" 200 905944
[16/Mar/2021 18:07:11] "GET /shpargalki/media/image/photo_3T5A0395.jpg HTTP/1.0" 200 548092
[16/Mar/2021 18:07:11] "GET /shpargalki/media/image/photo_3T5A0160-1.jpg HTTP/1.0" 200 83024
[16/Mar/2021 18:07:11] "GET /shpargalki/media/image/photo_3T5A0219.jpg HTTP/1.0" 200 553297
[16/Mar/2021 18:08:01] "GET /shpargalki/home/ HTTP/1.0" 200 16528
[16/Mar/2021 18:08:01] "GET /shpargalki/static/home/css.css HTTP/1.0" 200 18029
[16/Mar/2021 18:08:01] "GET /shpargalki/media/image/logo-pc.jpg HTTP/1.0" 200 722137
[16/Mar/2021 18:08:01] "GET /shpargalki/static/home/index.js HTTP/1.0" 200 107004
[16/Mar/2021 18:08:01] "GET /shpargalki/static/Attach/Images/menu-burger.svg HTTP/1.0" 200 251
[16/Mar/2021 18:08:01] "GET /shpargalki/static/Attach/Fonts/Arsenal-Italic.ttf HTTP/1.0" 200 168252
[16/Mar/2021 18:08:01] "GET /shpargalki/static/Attach/Fonts/Raleway-Regular.ttf HTTP/1.0" 200 163388
[16/Mar/2021 18:08:01] "GET /shpargalki/static/Attach/Fonts/Arsenal-Bold.ttf HTTP/1.0" 200 170184
[16/Mar/2021 18:08:01] "GET /shpargalki/home/ HTTP/1.0" 200 16528
[16/Mar/2021 18:13:53] "GET /shpargalki/home/ HTTP/1.0" 200 16528
[16/Mar/2021 18:13:53] "GET /shpargalki/home/ HTTP/1.0" 200 16528
Not Found: /shpargalki/__info__/icon.png
[16/Mar/2021 18:53:25] "GET /shpargalki/__info__/icon.png HTTP/1.0" 404 1842
[16/Mar/2021 21:50:41] "GET /shpargalki/media/image/contacts_phone-call.svg HTTP/1.0" 200 2477
[16/Mar/2021 22:50:41] "GET /shpargalki/media/image/contacts_facebook.png HTTP/1.0" 200 676
Not Found: /shpargalki/__info__/icon.png
[16/Mar/2021 23:27:35] "GET /shpargalki/__info__/icon.png HTTP/1.0" 404 1842
Not Found: /shpargalki/__info__/icon.png
[17/Mar/2021 04:36:59] "GET /shpargalki/__info__/icon.png HTTP/1.0" 404 1842
[17/Mar/2021 05:50:35] "GET /shpargalki/media/image/logo-pc.jpg HTTP/1.0" 304 0
[17/Mar/2021 05:50:35] "GET /shpargalki/home/ HTTP/1.0" 200 16528
[17/Mar/2021 05:50:35] "GET /shpargalki/static/Attach/Fonts/Arsenal-Italic.ttf HTTP/1.0" 304 0
[17/Mar/2021 05:50:36] "GET /shpargalki/static/Attach/Fonts/Raleway-Regular.ttf HTTP/1.0" 304 0
[17/Mar/2021 05:50:36] "GET /shpargalki/static/Attach/Fonts/Arsenal-Bold.ttf HTTP/1.0" 304 0
Not Found: /shpargalki/__info__/icon.png
[17/Mar/2021 06:55:00] "GET /shpargalki/__info__/icon.png HTTP/1.0" 404 1842
Not Found: /shpargalki/__info__/icon.png
[17/Mar/2021 07:14:48] "GET /shpargalki/__info__/icon.png HTTP/1.0" 404 1842
[17/Mar/2021 07:27:38] "GET /shpargalki/home/ HTTP/1.0" 200 16528
[17/Mar/2021 07:27:39] "GET /shpargalki/media/image/logo-pc.jpg HTTP/1.0" 304 0
[17/Mar/2021 07:27:40] "GET /shpargalki/home/ HTTP/1.0" 200 16528
[17/Mar/2021 07:27:53] "GET /shpargalki/home/ HTTP/1.0" 200 16528
[17/Mar/2021 07:27:53] "GET /shpargalki/static/home/css.css HTTP/1.0" 200 18029
[17/Mar/2021 07:27:53] "GET /shpargalki/media/image/logo-pc.jpg HTTP/1.0" 200 722137
[17/Mar/2021 07:27:53] "GET /shpargalki/static/home/index.js HTTP/1.0" 200 107004
[17/Mar/2021 07:27:54] "GET /shpargalki/static/Attach/Fonts/Arsenal-Bold.ttf HTTP/1.0" 200 170184
[17/Mar/2021 07:27:54] "GET /shpargalki/static/Attach/Fonts/Raleway-Regular.ttf HTTP/1.0" 200 163388
[17/Mar/2021 07:27:54] "GET /shpargalki/static/Attach/Fonts/Arsenal-Italic.ttf HTTP/1.0" 200 168252
[17/Mar/2021 07:27:54] "GET /shpargalki/home/ HTTP/1.0" 200 16528
[17/Mar/2021 07:28:46] "GET /shpargalki/home/ HTTP/1.0" 200 16528
[17/Mar/2021 07:28:47] "GET /shpargalki/home/ HTTP/1.0" 200 16528
Watching for file changes with StatReloader
Watching for file changes with StatReloader
[17/Mar/2021 07:33:34] "GET /shpargalki/home/ HTTP/1.0" 200 31709
[17/Mar/2021 07:33:35] "GET /shpargalki/media/image/shadow_heart.svg HTTP/1.0" 304 0
[17/Mar/2021 07:33:35] "GET /shpargalki/media/image/photo_3T5A9848-2.jpg HTTP/1.0" 304 0
[17/Mar/2021 07:33:35] "GET /shpargalki/media/image/shadow_light-bulb.svg HTTP/1.0" 304 0
[17/Mar/2021 07:33:35] "GET /shpargalki/media/image/shadow_users.svg HTTP/1.0" 304 0
[17/Mar/2021 07:33:35] "GET /shpargalki/media/image/shadow_clock.svg HTTP/1.0" 304 0
[17/Mar/2021 07:33:35] "GET /shpargalki/media/image/shadow_earth-globe.svg HTTP/1.0" 304 0
[17/Mar/2021 07:33:35] "GET /shpargalki/media/image/shadow_shopping-bag.svg HTTP/1.0" 304 0
[17/Mar/2021 07:33:35] "GET /shpargalki/media/image/contacts_facebook.png HTTP/1.0" 304 0
[17/Mar/2021 07:33:35] "GET /shpargalki/media/image/shadow_message.svg HTTP/1.0" 304 0
[17/Mar/2021 07:33:35] "GET /shpargalki/media/image/contacts_instagram.png HTTP/1.0" 304 0
[17/Mar/2021 07:33:35] "GET /shpargalki/media/image/contacts_skype.png HTTP/1.0" 304 0
[17/Mar/2021 07:33:35] "GET /shpargalki/media/image/contacts_phone-call.svg HTTP/1.0" 304 0
[17/Mar/2021 07:33:35] "GET /shpargalki/media/image/contacts_email.svg HTTP/1.0" 304 0
[17/Mar/2021 07:33:35] "GET /shpargalki/media/image/photo_3T5A0480-1.jpg HTTP/1.0" 304 0
[17/Mar/2021 07:33:35] "GET /shpargalki/media/image/photo_3T5A0328.jpg HTTP/1.0" 304 0
[17/Mar/2021 07:33:36] "GET /shpargalki/media/image/photo_3T5A0395.jpg HTTP/1.0" 304 0
[17/Mar/2021 07:33:36] "GET /shpargalki/media/image/photo_3T5A0149.jpg HTTP/1.0" 304 0
[17/Mar/2021 07:33:36] "GET /shpargalki/media/image/photo_3T5A0160-1.jpg HTTP/1.0" 304 0
[17/Mar/2021 07:33:36] "GET /shpargalki/media/image/photo_3T5A0219.jpg HTTP/1.0" 304 0
Not Found: /shpargalki/admin
[17/Mar/2021 07:36:05] "GET /shpargalki/admin HTTP/1.0" 404 1806
Not Found: /shpargalki/blog
[17/Mar/2021 07:36:18] "GET /shpargalki/blog HTTP/1.0" 404 1803
[17/Mar/2021 07:36:21] "GET /shpargalki/ HTTP/1.0" 302 0
[17/Mar/2021 07:36:21] "GET /shpargalki/home/ HTTP/1.0" 200 31709
[17/Mar/2021 07:36:29] "GET /shpargalki/blog/ HTTP/1.0" 200 180
[17/Mar/2021 07:36:37] "GET /shpargalki/admin/ HTTP/1.0" 302 0
[17/Mar/2021 07:36:38] "GET /shpargalki/admin/login/?next=/shpargalki/admin/ HTTP/1.0" 200 2376
[17/Mar/2021 07:36:38] "GET /shpargalki/static/admin/css/base.css HTTP/1.0" 200 16378
[17/Mar/2021 07:36:38] "GET /shpargalki/static/admin/css/nav_sidebar.css HTTP/1.0" 200 2138
[17/Mar/2021 07:36:38] "GET /shpargalki/static/admin/css/login.css HTTP/1.0" 200 1233
[17/Mar/2021 07:36:38] "GET /shpargalki/static/admin/css/responsive.css HTTP/1.0" 200 17944
[17/Mar/2021 07:36:38] "GET /shpargalki/static/admin/js/nav_sidebar.js HTTP/1.0" 200 1360
[17/Mar/2021 07:36:38] "GET /shpargalki/static/admin/css/fonts.css HTTP/1.0" 200 423
[17/Mar/2021 07:36:39] "GET /shpargalki/static/admin/fonts/Roboto-Regular-webfont.woff HTTP/1.0" 200 85876
[17/Mar/2021 07:36:39] "GET /shpargalki/static/admin/fonts/Roboto-Light-webfont.woff HTTP/1.0" 200 85692
[17/Mar/2021 07:36:44] "POST /shpargalki/admin/login/?next=/shpargalki/admin/ HTTP/1.0" 302 0
[17/Mar/2021 07:36:44] "GET /shpargalki/admin/ HTTP/1.0" 200 9219
[17/Mar/2021 07:36:44] "GET /shpargalki/static/admin/css/dashboard.css HTTP/1.0" 200 412
[17/Mar/2021 07:36:45] "GET /shpargalki/static/admin/img/icon-changelink.svg HTTP/1.0" 200 380
[17/Mar/2021 07:36:45] "GET /shpargalki/static/admin/img/icon-addlink.svg HTTP/1.0" 200 331
[17/Mar/2021 07:36:45] "GET /shpargalki/static/admin/fonts/Roboto-Bold-webfont.woff HTTP/1.0" 200 86184
[17/Mar/2021 07:36:51] "GET /shpargalki/admin/Home/%D1%81ontacts/ HTTP/1.0" 200 8834
[17/Mar/2021 07:36:51] "GET /shpargalki/static/admin/css/changelists.css HTTP/1.0" 200 6170
[17/Mar/2021 07:36:51] "GET /shpargalki/admin/jsi18n/ HTTP/1.0" 200 14892
[17/Mar/2021 07:36:51] "GET /shpargalki/static/admin/js/vendor/jquery/jquery.js HTTP/1.0" 200 287630
[17/Mar/2021 07:36:51] "GET /shpargalki/static/admin/js/jquery.init.js HTTP/1.0" 200 363
[17/Mar/2021 07:36:51] "GET /shpargalki/static/admin/js/core.js HTTP/1.0" 200 7099
[17/Mar/2021 07:36:51] "GET /shpargalki/static/admin/js/admin/RelatedObjectLookups.js HTTP/1.0" 200 6918
[17/Mar/2021 07:36:51] "GET /shpargalki/static/admin/js/actions.js HTTP/1.0" 200 6766
[17/Mar/2021 07:36:51] "GET /shpargalki/static/admin/js/prepopulate.js HTTP/1.0" 200 1530
[17/Mar/2021 07:36:51] "GET /shpargalki/static/admin/js/urlify.js HTTP/1.0" 200 8941
[17/Mar/2021 07:36:52] "GET /shpargalki/static/admin/js/vendor/xregexp/xregexp.js HTTP/1.0" 200 128820
[17/Mar/2021 07:36:55] "GET /shpargalki/static/admin/img/tooltag-add.svg HTTP/1.0" 200 331
[17/Mar/2021 07:37:01] "GET /shpargalki/admin/Home/%D1%81ontacts/5/change/ HTTP/1.0" 200 8995
[17/Mar/2021 07:37:01] "GET /shpargalki/static/admin/css/forms.css HTTP/1.0" 200 8518
[17/Mar/2021 07:37:01] "GET /shpargalki/admin/jsi18n/ HTTP/1.0" 200 14892
[17/Mar/2021 07:37:01] "GET /shpargalki/static/admin/js/change_form.js HTTP/1.0" 200 712
[17/Mar/2021 07:37:01] "GET /shpargalki/static/admin/js/prepopulate_init.js HTTP/1.0" 200 495
[17/Mar/2021 07:37:01] "GET /shpargalki/static/admin/css/widgets.css HTTP/1.0" 200 10340
[17/Mar/2021 07:37:12] "POST /shpargalki/admin/Home/%D1%81ontacts/5/change/ HTTP/1.0" 302 0
[17/Mar/2021 07:37:12] "GET /shpargalki/admin/Home/%D1%81ontacts/ HTTP/1.0" 200 9103
[17/Mar/2021 07:37:12] "GET /shpargalki/admin/jsi18n/ HTTP/1.0" 200 14892
[17/Mar/2021 07:37:13] "GET /shpargalki/static/admin/img/icon-yes.svg HTTP/1.0" 200 436
[17/Mar/2021 07:37:24] "GET /shpargalki HTTP/1.0" 301 0
[17/Mar/2021 07:37:24] "GET /shpargalki/ HTTP/1.0" 302 0
[17/Mar/2021 07:37:24] "GET /shpargalki/home/ HTTP/1.0" 200 31758
Not Found: /shpargalki/__info__/icon.png
[17/Mar/2021 10:10:47] "GET /shpargalki/__info__/icon.png HTTP/1.0" 404 1842
[17/Mar/2021 13:15:34] "GET /shpargalki/media/image/logo-pc.jpg HTTP/1.0" 304 0
[17/Mar/2021 13:15:35] "GET /shpargalki/media/image/shadow_heart.svg HTTP/1.0" 304 0
[17/Mar/2021 13:15:35] "GET /shpargalki/media/image/shadow_light-bulb.svg HTTP/1.0" 304 0
[17/Mar/2021 13:15:36] "GET /shpargalki/media/image/shadow_users.svg HTTP/1.0" 304 0
[17/Mar/2021 13:15:38] "GET /shpargalki/static/Attach/Fonts/Arsenal-Italic.ttf HTTP/1.0" 304 0
[17/Mar/2021 13:15:38] "GET /shpargalki/static/Attach/Fonts/Raleway-Regular.ttf HTTP/1.0" 304 0
[17/Mar/2021 13:15:38] "GET /shpargalki/static/Attach/Fonts/Arsenal-Bold.ttf HTTP/1.0" 304 0
[17/Mar/2021 13:15:39] "GET /shpargalki/media/image/photo_3T5A9848-2.jpg HTTP/1.0" 304 0
[17/Mar/2021 13:15:39] "GET /shpargalki/media/image/shadow_clock.svg HTTP/1.0" 304 0
[17/Mar/2021 13:15:39] "GET /shpargalki/media/image/shadow_earth-globe.svg HTTP/1.0" 304 0
[17/Mar/2021 13:15:40] "GET /shpargalki/media/image/shadow_shopping-bag.svg HTTP/1.0" 304 0
[17/Mar/2021 13:15:40] "GET /shpargalki/media/image/shadow_message.svg HTTP/1.0" 304 0
[17/Mar/2021 13:15:40] "GET /shpargalki/media/image/contacts_facebook.png HTTP/1.0" 304 0
[17/Mar/2021 13:15:40] "GET /shpargalki/media/image/contacts_instagram.png HTTP/1.0" 304 0
[17/Mar/2021 13:15:41] "GET /shpargalki/media/image/contacts_skype.png HTTP/1.0" 304 0
[17/Mar/2021 13:15:41] "GET /shpargalki/media/image/contacts_phone-call.svg HTTP/1.0" 304 0
[17/Mar/2021 13:15:41] "GET /shpargalki/media/image/contacts_email.svg HTTP/1.0" 304 0
[17/Mar/2021 13:15:42] "GET /shpargalki/media/image/photo_3T5A0480-1.jpg HTTP/1.0" 304 0
[17/Mar/2021 13:15:42] "GET /shpargalki/media/image/photo_3T5A0328.jpg HTTP/1.0" 304 0
[17/Mar/2021 13:15:43] "GET /shpargalki/media/image/photo_3T5A0149.jpg HTTP/1.0" 304 0
[17/Mar/2021 13:15:43] "GET /shpargalki/media/image/photo_3T5A0395.jpg HTTP/1.0" 304 0
[17/Mar/2021 13:15:43] "GET /shpargalki/media/image/photo_3T5A0160-1.jpg HTTP/1.0" 304 0
[17/Mar/2021 13:15:44] "GET /shpargalki/media/image/photo_3T5A0219.jpg HTTP/1.0" 304 0
[17/Mar/2021 13:16:02] "GET /shpargalki/admin/Home/%D1%81ontacts/ HTTP/1.0" 200 8852
[17/Mar/2021 13:16:02] "GET /shpargalki/static/admin/css/base.css HTTP/1.0" 304 0
[17/Mar/2021 13:16:02] "GET /shpargalki/static/admin/css/nav_sidebar.css HTTP/1.0" 304 0
[17/Mar/2021 13:16:02] "GET /shpargalki/static/admin/css/changelists.css HTTP/1.0" 304 0
[17/Mar/2021 13:16:03] "GET /shpargalki/static/admin/css/responsive.css HTTP/1.0" 304 0
[17/Mar/2021 13:16:03] "GET /shpargalki/static/admin/css/fonts.css HTTP/1.0" 304 0
[17/Mar/2021 13:16:03] "GET /shpargalki/admin/jsi18n/ HTTP/1.0" 200 14892
[17/Mar/2021 13:16:03] "GET /shpargalki/static/admin/js/vendor/jquery/jquery.js HTTP/1.0" 304 0
[17/Mar/2021 13:16:03] "GET /shpargalki/static/admin/js/jquery.init.js HTTP/1.0" 304 0
[17/Mar/2021 13:16:03] "GET /shpargalki/static/admin/js/core.js HTTP/1.0" 304 0
[17/Mar/2021 13:16:03] "GET /shpargalki/static/admin/js/admin/RelatedObjectLookups.js HTTP/1.0" 304 0
[17/Mar/2021 13:16:03] "GET /shpargalki/static/admin/js/actions.js HTTP/1.0" 304 0
[17/Mar/2021 13:16:03] "GET /shpargalki/static/admin/js/urlify.js HTTP/1.0" 304 0
[17/Mar/2021 13:16:04] "GET /shpargalki/static/admin/js/prepopulate.js HTTP/1.0" 304 0
[17/Mar/2021 13:16:04] "GET /shpargalki/static/admin/js/vendor/xregexp/xregexp.js HTTP/1.0" 304 0
[17/Mar/2021 13:16:04] "GET /shpargalki/static/admin/js/nav_sidebar.js HTTP/1.0" 304 0
[17/Mar/2021 13:16:04] "GET /shpargalki/static/admin/img/tooltag-add.svg HTTP/1.0" 304 0
[17/Mar/2021 13:16:04] "GET /shpargalki/static/admin/img/icon-addlink.svg HTTP/1.0" 304 0
[17/Mar/2021 13:16:04] "GET /shpargalki/static/admin/fonts/Roboto-Regular-webfont.woff HTTP/1.0" 304 0
[17/Mar/2021 13:16:05] "GET /shpargalki/static/admin/fonts/Roboto-Light-webfont.woff HTTP/1.0" 304 0
[17/Mar/2021 13:16:07] "GET /shpargalki/static/admin/fonts/Roboto-Bold-webfont.woff HTTP/1.0" 304 0
[17/Mar/2021 13:28:58] "GET /shpargalki/home/ HTTP/1.0" 200 31758
Traceback (most recent call last):
  File "./back/myproject/manage.py", line 10, in main
    from django.core.management import execute_from_command_line
ModuleNotFoundError: No module named 'django'

The above exception was the direct cause of the following exception:

Traceback (most recent call last):
  File "./back/myproject/manage.py", line 21, in <module>
    main()
  File "./back/myproject/manage.py", line 12, in main
    raise ImportError(
ImportError: Couldn't import Django. Are you sure it's installed and available on your PYTHONPATH environment variable? Did you forget to activate a virtual environment?
Traceback (most recent call last):
  File "./back/myproject/manage.py", line 10, in main
    from django.core.management import execute_from_command_line
ModuleNotFoundError: No module named 'django'

The above exception was the direct cause of the following exception:

Traceback (most recent call last):
  File "./back/myproject/manage.py", line 21, in <module>
    main()
  File "./back/myproject/manage.py", line 12, in main
    raise ImportError(
ImportError: Couldn't import Django. Are you sure it's installed and available on your PYTHONPATH environment variable? Did you forget to activate a virtual environment?
Traceback (most recent call last):
  File "./back/myproject/manage.py", line 10, in main
    from django.core.management import execute_from_command_line
ModuleNotFoundError: No module named 'django'

The above exception was the direct cause of the following exception:

Traceback (most recent call last):
  File "./back/myproject/manage.py", line 21, in <module>
    main()
  File "./back/myproject/manage.py", line 12, in main
    raise ImportError(
ImportError: Couldn't import Django. Are you sure it's installed and available on your PYTHONPATH environment variable? Did you forget to activate a virtual environment?
Traceback (most recent call last):
  File "./back/myproject/manage.py", line 10, in main
    from django.core.management import execute_from_command_line
ModuleNotFoundError: No module named 'django'

The above exception was the direct cause of the following exception:

Traceback (most recent call last):
  File "./back/myproject/manage.py", line 21, in <module>
    main()
  File "./back/myproject/manage.py", line 12, in main
    raise ImportError(
ImportError: Couldn't import Django. Are you sure it's installed and available on your PYTHONPATH environment variable? Did you forget to activate a virtual environment?
